Archive member included to satisfy reference by file (symbol)

c:/Users/rdmit/devkitPro/libgba/lib\libgba.a(input.o)
                              basicsource.o (scanKeys)
c:/Users/rdmit/devkitPro/libgba/lib\libgba.a(interrupt.o)
                              basicsource.o (irqInit)
c:/Users/rdmit/devkitPro/libgba/lib\libgba.a(InterruptDispatcher.o)
                              c:/Users/rdmit/devkitPro/libgba/lib\libgba.a(interrupt.o) (IntrMain)
c:/users/rdmit/devkitpro/devkitarm/bin/../lib/gcc/arm-none-eabi/6.3.0/../../../../arm-none-eabi/lib/thumb\libg.a(lib_a-init.o)
                              c:/users/rdmit/devkitpro/devkitarm/bin/../lib/gcc/arm-none-eabi/6.3.0/../../../../arm-none-eabi/lib/thumb/gba_crt0.o (__libc_init_array)
c:/users/rdmit/devkitpro/devkitarm/bin/../lib/gcc/arm-none-eabi/6.3.0/../../../../arm-none-eabi/lib/thumb\libsysbase.a(malloc_vars.o)
                              c:/users/rdmit/devkitpro/devkitarm/bin/../lib/gcc/arm-none-eabi/6.3.0/../../../../arm-none-eabi/lib/thumb/gba_crt0.o (fake_heap_end)

Allocating common symbols
Common symbol       size              file

IntrTable           0x78              c:/Users/rdmit/devkitPro/libgba/lib\libgba.a(interrupt.o)

Discarded input sections

 .text          0x00000000        0x0 c:/users/rdmit/devkitpro/devkitarm/bin/../lib/gcc/arm-none-eabi/6.3.0/../../../../arm-none-eabi/lib/thumb/gba_crt0.o
 .data          0x00000000        0x0 c:/users/rdmit/devkitpro/devkitarm/bin/../lib/gcc/arm-none-eabi/6.3.0/../../../../arm-none-eabi/lib/thumb/gba_crt0.o
 .bss           0x00000000        0x0 c:/users/rdmit/devkitpro/devkitarm/bin/../lib/gcc/arm-none-eabi/6.3.0/../../../../arm-none-eabi/lib/thumb/gba_crt0.o
 .text          0x00000000        0x0 c:/users/rdmit/devkitpro/devkitarm/bin/../lib/gcc/arm-none-eabi/6.3.0/thumb/crti.o
 .data          0x00000000        0x0 c:/users/rdmit/devkitpro/devkitarm/bin/../lib/gcc/arm-none-eabi/6.3.0/thumb/crti.o
 .bss           0x00000000        0x0 c:/users/rdmit/devkitpro/devkitarm/bin/../lib/gcc/arm-none-eabi/6.3.0/thumb/crti.o
 .text          0x00000000        0x0 c:/users/rdmit/devkitpro/devkitarm/bin/../lib/gcc/arm-none-eabi/6.3.0/thumb/crtbegin.o
 .data          0x00000000        0x0 c:/users/rdmit/devkitpro/devkitarm/bin/../lib/gcc/arm-none-eabi/6.3.0/thumb/crtbegin.o
 .bss           0x00000000        0x0 c:/users/rdmit/devkitpro/devkitarm/bin/../lib/gcc/arm-none-eabi/6.3.0/thumb/crtbegin.o
 .data.__dso_handle
                0x00000000        0x4 c:/users/rdmit/devkitpro/devkitarm/bin/../lib/gcc/arm-none-eabi/6.3.0/thumb/crtbegin.o
 .text          0x00000000        0x0 basicsource.o
 .data          0x00000000        0x0 basicsource.o
 .bss           0x00000000        0x0 basicsource.o
 .text          0x00000000        0x0 chardata.o
 .data          0x00000000        0x0 chardata.o
 .bss           0x00000000        0x0 chardata.o
 .data          0x00000000        0x0 c:/Users/rdmit/devkitPro/libgba/lib\libgba.a(interrupt.o)
 .bss           0x00000000        0x0 c:/Users/rdmit/devkitPro/libgba/lib\libgba.a(interrupt.o)
 .text          0x00000000        0x0 c:/Users/rdmit/devkitPro/libgba/lib\libgba.a(InterruptDispatcher.o)
 .data          0x00000000        0x0 c:/Users/rdmit/devkitPro/libgba/lib\libgba.a(InterruptDispatcher.o)
 .bss           0x00000000        0x0 c:/Users/rdmit/devkitPro/libgba/lib\libgba.a(InterruptDispatcher.o)
 .text          0x00000000        0x0 c:/users/rdmit/devkitpro/devkitarm/bin/../lib/gcc/arm-none-eabi/6.3.0/../../../../arm-none-eabi/lib/thumb\libg.a(lib_a-init.o)
 .data          0x00000000        0x0 c:/users/rdmit/devkitpro/devkitarm/bin/../lib/gcc/arm-none-eabi/6.3.0/../../../../arm-none-eabi/lib/thumb\libg.a(lib_a-init.o)
 .bss           0x00000000        0x0 c:/users/rdmit/devkitpro/devkitarm/bin/../lib/gcc/arm-none-eabi/6.3.0/../../../../arm-none-eabi/lib/thumb\libg.a(lib_a-init.o)
 .text          0x00000000        0x0 c:/users/rdmit/devkitpro/devkitarm/bin/../lib/gcc/arm-none-eabi/6.3.0/../../../../arm-none-eabi/lib/thumb\libsysbase.a(malloc_vars.o)
 .data          0x00000000        0x0 c:/users/rdmit/devkitpro/devkitarm/bin/../lib/gcc/arm-none-eabi/6.3.0/../../../../arm-none-eabi/lib/thumb\libsysbase.a(malloc_vars.o)
 .bss           0x00000000        0x0 c:/users/rdmit/devkitpro/devkitarm/bin/../lib/gcc/arm-none-eabi/6.3.0/../../../../arm-none-eabi/lib/thumb\libsysbase.a(malloc_vars.o)
 .bss.fake_heap_start
                0x00000000        0x4 c:/users/rdmit/devkitpro/devkitarm/bin/../lib/gcc/arm-none-eabi/6.3.0/../../../../arm-none-eabi/lib/thumb\libsysbase.a(malloc_vars.o)
 .text          0x00000000        0x0 c:/users/rdmit/devkitpro/devkitarm/bin/../lib/gcc/arm-none-eabi/6.3.0/thumb/crtend.o
 .data          0x00000000        0x0 c:/users/rdmit/devkitpro/devkitarm/bin/../lib/gcc/arm-none-eabi/6.3.0/thumb/crtend.o
 .bss           0x00000000        0x0 c:/users/rdmit/devkitpro/devkitarm/bin/../lib/gcc/arm-none-eabi/6.3.0/thumb/crtend.o
 .text          0x00000000        0x0 c:/users/rdmit/devkitpro/devkitarm/bin/../lib/gcc/arm-none-eabi/6.3.0/thumb/crtn.o
 .data          0x00000000        0x0 c:/users/rdmit/devkitpro/devkitarm/bin/../lib/gcc/arm-none-eabi/6.3.0/thumb/crtn.o
 .bss           0x00000000        0x0 c:/users/rdmit/devkitpro/devkitarm/bin/../lib/gcc/arm-none-eabi/6.3.0/thumb/crtn.o

Memory Configuration

Name             Origin             Length             Attributes
rom              0x08000000         0x02000000
iwram            0x03000000         0x00008000
ewram            0x02000000         0x00040000
*default*        0x00000000         0xffffffff

Linker script and memory map

                0x08000000                __text_start = ORIGIN (rom)
                0x02040000                __eheap_end = (ORIGIN (ewram) + LENGTH (ewram))
                0x03000000                __iwram_start = ORIGIN (iwram)
                0x03008000                __iwram_top = (ORIGIN (iwram) + LENGTH (iwram))
                0x03007fa0                __sp_irq = (__iwram_top - 0x60)
                0x03007f00                __sp_usr = (__sp_irq - 0xa0)
                0x03007ff8                __irq_flags = 0x3007ff8
                0x08000000                . = __text_start

.crt0           0x08000000      0x210
 *(.crt0)
 .crt0          0x08000000      0x210 c:/users/rdmit/devkitpro/devkitarm/bin/../lib/gcc/arm-none-eabi/6.3.0/../../../../arm-none-eabi/lib/thumb/gba_crt0.o
                0x08000000                _start
                0x080000c4                __boot_method
                0x080000c5                __slave_number
                0x080000e0                start_vector
                0x08000210                . = ALIGN (0x4)

.init           0x08000210        0xc
 *(SORT(.init))
 .init          0x08000210        0x4 c:/users/rdmit/devkitpro/devkitarm/bin/../lib/gcc/arm-none-eabi/6.3.0/thumb/crti.o
                0x08000210                _init
 .init          0x08000214        0x8 c:/users/rdmit/devkitpro/devkitarm/bin/../lib/gcc/arm-none-eabi/6.3.0/thumb/crtn.o

.plt            0x0800021c        0x0
 *(.plt)
                0x0800021c                . = ALIGN (0x4)

.text           0x0800021c     0x110c
 *(EXCLUDE_FILE(*.iwram*) .text)
 .text          0x0800021c       0xbc c:/Users/rdmit/devkitPro/libgba/lib\libgba.a(input.o)
                0x0800021c                setRepeat
                0x08000228                scanKeys
                0x0800029c                keysDownRepeat
                0x080002ac                keysDown
                0x080002bc                keysUp
                0x080002cc                keysHeld
 .text          0x080002d8      0x3bc c:/Users/rdmit/devkitPro/libgba/lib\libgba.a(interrupt.o)
                0x080002d8                dummy
                0x080002dc                InitInterrupt
                0x08000338                irqInit
                0x08000394                SetInterrupt
                0x08000478                irqSet
                0x0800055c                EnableInterrupt
                0x080005a8                irqEnable
                0x080005fc                DisableInterrupt
                0x08000648                irqDisable
 *(.text .stub .text.* .gnu.linkonce.t.*)
 .text.deregister_tm_clones
                0x08000694       0x30 c:/users/rdmit/devkitpro/devkitarm/bin/../lib/gcc/arm-none-eabi/6.3.0/thumb/crtbegin.o
 .text.register_tm_clones
                0x080006c4       0x34 c:/users/rdmit/devkitpro/devkitarm/bin/../lib/gcc/arm-none-eabi/6.3.0/thumb/crtbegin.o
 .text.__do_global_dtors_aux
                0x080006f8       0x30 c:/users/rdmit/devkitpro/devkitarm/bin/../lib/gcc/arm-none-eabi/6.3.0/thumb/crtbegin.o
 .text.frame_dummy
                0x08000728       0x48 c:/users/rdmit/devkitpro/devkitarm/bin/../lib/gcc/arm-none-eabi/6.3.0/thumb/crtbegin.o
 .text.startup  0x08000770      0xb60 basicsource.o
                0x08000770                main
 .text.__libc_init_array
                0x080012d0       0x58 c:/users/rdmit/devkitpro/devkitarm/bin/../lib/gcc/arm-none-eabi/6.3.0/../../../../arm-none-eabi/lib/thumb\libg.a(lib_a-init.o)
                0x080012d0                __libc_init_array
 *(.text.*personality*)
 *(.gnu.warning)
 *(.glue_7t)
 .glue_7t       0x08001328        0x0 linker stubs
 *(.glue_7)
 .glue_7        0x08001328        0x0 linker stubs
 *(.vfp11_veneer)
 .vfp11_veneer  0x08001328        0x0 linker stubs
                0x08001328                . = ALIGN (0x4)
                0x08001328                __text_end = .

.v4_bx          0x08001328        0x0
 .v4_bx         0x08001328        0x0 linker stubs

.iplt           0x08001328        0x0
 .iplt          0x08001328        0x0 c:/users/rdmit/devkitpro/devkitarm/bin/../lib/gcc/arm-none-eabi/6.3.0/../../../../arm-none-eabi/lib/thumb/gba_crt0.o

.fini           0x08001328        0xc
 *(.fini)
 .fini          0x08001328        0x4 c:/users/rdmit/devkitpro/devkitarm/bin/../lib/gcc/arm-none-eabi/6.3.0/thumb/crti.o
                0x08001328                _fini
 .fini          0x0800132c        0x8 c:/users/rdmit/devkitpro/devkitarm/bin/../lib/gcc/arm-none-eabi/6.3.0/thumb/crtn.o
                0x08001334                . = ALIGN (0x4)

.rodata         0x08001334     0x2000
 *(.rodata)
 .rodata        0x08001334     0x2000 chardata.o
                0x08001334                charData
 *all.rodata*(*)
 *(.roda)
 *(.rodata.*)
 *(.gnu.linkonce.r*)
                0x08003334                . = ALIGN (0x4)

.ARM.extab
 *(.ARM.extab* .gnu.linkonce.armextab.*)
                0x08003334                __exidx_start = .

.ARM.exidx
 *(.ARM.exidx* .gnu.linkonce.armexidx.*)
                0x08003334                __exidx_end = .

.ctors          0x08003334        0x0
 *crtbegin.o(.ctors)
 *(EXCLUDE_FILE(*crtend.o) .ctors)
 *(SORT(.ctors.*))
 *(.ctors)
                0x08003334                . = ALIGN (0x4)

.dtors          0x08003334        0x0
 *crtbegin.o(.dtors)
 *(EXCLUDE_FILE(*crtend.o) .dtors)
 *(SORT(.dtors.*))
 *(.dtors)
                0x08003334                . = ALIGN (0x4)

.eh_frame       0x08003334        0x4
 *(.eh_frame)
 .eh_frame      0x08003334        0x0 c:/users/rdmit/devkitpro/devkitarm/bin/../lib/gcc/arm-none-eabi/6.3.0/thumb/crtbegin.o
 .eh_frame      0x08003334        0x4 c:/users/rdmit/devkitpro/devkitarm/bin/../lib/gcc/arm-none-eabi/6.3.0/thumb/crtend.o
                0x08003338                . = ALIGN (0x4)

.gcc_except_table
                0x08003338        0x0
 *(.gcc_except_table)
                0x08003338                . = ALIGN (0x4)
                0x08003338                __iwram_lma = .

.iwram          0x03000000       0xb8 load address 0x08003338
                0x03000000                __iwram_start__ = ABSOLUTE (.)
 *(.iwram)
 .iwram         0x03000000       0xb8 c:/Users/rdmit/devkitPro/libgba/lib\libgba.a(InterruptDispatcher.o)
                0x03000000                IntrMain
 *iwram.*(.text)
                0x030000b8                . = ALIGN (0x4)
                0x030000b8                __iwram_end__ = ABSOLUTE (.)
                0x080033f0                __data_lma = (__iwram_lma + SIZEOF (.iwram))

.rel.dyn        0x030000b8        0x0 load address 0x080033f0
 .rel.iplt      0x030000b8        0x0 c:/users/rdmit/devkitpro/devkitarm/bin/../lib/gcc/arm-none-eabi/6.3.0/../../../../arm-none-eabi/lib/thumb/gba_crt0.o

.bss            0x030000b8       0xa4
                0x030000b8                __bss_start = ABSOLUTE (.)
                0x030000b8                __bss_start__ = ABSOLUTE (.)
 *(.dynbss)
 *(.gnu.linkonce.b*)
 *(.bss*)
 .bss.completed.6497
                0x030000b8        0x1 c:/users/rdmit/devkitpro/devkitarm/bin/../lib/gcc/arm-none-eabi/6.3.0/thumb/crtbegin.o
 *fill*         0x030000b9        0x3 
 .bss.object.6502
                0x030000bc       0x18 c:/users/rdmit/devkitpro/devkitarm/bin/../lib/gcc/arm-none-eabi/6.3.0/thumb/crtbegin.o
 .bss           0x030000d4        0xa c:/Users/rdmit/devkitPro/libgba/lib\libgba.a(input.o)
 *fill*         0x030000de        0x2 
 .bss.fake_heap_end
                0x030000e0        0x4 c:/users/rdmit/devkitpro/devkitarm/bin/../lib/gcc/arm-none-eabi/6.3.0/../../../../arm-none-eabi/lib/thumb\libsysbase.a(malloc_vars.o)
                0x030000e0                fake_heap_end
 *(COMMON)
 COMMON         0x030000e4       0x78 c:/Users/rdmit/devkitPro/libgba/lib\libgba.a(interrupt.o)
                0x030000e4                IntrTable
                0x0300015c                . = ALIGN (0x4)
                0x0300015c                __bss_end__ = ABSOLUTE (.)

.data           0x0300015c        0x4 load address 0x080033f0
                0x0300015c                __data_start__ = ABSOLUTE (.)
 *(.data)
 .data          0x0300015c        0x3 c:/Users/rdmit/devkitPro/libgba/lib\libgba.a(input.o)
 *(.data.*)
 *(.gnu.linkonce.d*)
                0x03000160                . = ALIGN (0x4)
 *fill*         0x0300015f        0x1 ff
                0x080033f4                __preinit_lma = (__data_lma + SIZEOF (.data))

.igot.plt       0x03000160        0x0 load address 0x080033f4
 .igot.plt      0x03000160        0x0 c:/users/rdmit/devkitpro/devkitarm/bin/../lib/gcc/arm-none-eabi/6.3.0/../../../../arm-none-eabi/lib/thumb/gba_crt0.o

.tm_clone_table
                0x03000160        0x0 load address 0x080033f4
 .tm_clone_table
                0x03000160        0x0 c:/users/rdmit/devkitpro/devkitarm/bin/../lib/gcc/arm-none-eabi/6.3.0/thumb/crtbegin.o
 .tm_clone_table
                0x03000160        0x0 c:/users/rdmit/devkitpro/devkitarm/bin/../lib/gcc/arm-none-eabi/6.3.0/thumb/crtend.o

.preinit_array  0x03000160        0x0 load address 0x080033f4
                0x03000160                __preinit_array_start = ABSOLUTE (.)
 *(.preinit_array)
                0x03000160                __preinit_array_end = ABSOLUTE (.)
                0x080033f4                __init_lma = (__preinit_lma + SIZEOF (.preinit_array))

.init_array     0x03000160        0x4 load address 0x080033f4
                0x03000160                __init_array_start = ABSOLUTE (.)
 *(SORT(.init_array.*))
 *(.init_array)
 .init_array    0x03000160        0x4 c:/users/rdmit/devkitpro/devkitarm/bin/../lib/gcc/arm-none-eabi/6.3.0/thumb/crtbegin.o
                0x03000164                __init_array_end = ABSOLUTE (.)
                0x080033f8                __fini_lma = (__init_lma + SIZEOF (.init_array))

.fini_array     0x03000164        0x4 load address 0x080033f8
                0x03000164                __fini_array_start = ABSOLUTE (.)
 *(SORT(.fini_array.*))
 *(.fini_array)
 .fini_array    0x03000164        0x4 c:/users/rdmit/devkitpro/devkitarm/bin/../lib/gcc/arm-none-eabi/6.3.0/thumb/crtbegin.o
                0x03000168                __fini_array_end = ABSOLUTE (.)
                0x080033fc                __jcr_lma = (__fini_lma + SIZEOF (.fini_array))

.jcr            0x03000168        0x4 load address 0x080033fc
 *(.jcr)
 .jcr           0x03000168        0x0 c:/users/rdmit/devkitpro/devkitarm/bin/../lib/gcc/arm-none-eabi/6.3.0/thumb/crtbegin.o
 .jcr           0x03000168        0x4 c:/users/rdmit/devkitpro/devkitarm/bin/../lib/gcc/arm-none-eabi/6.3.0/thumb/crtend.o
                0x0300016c                __data_end__ = ABSOLUTE (.)
                0x08003400                __iwram_overlay_lma = (__jcr_lma + SIZEOF (.jcr))
                0x0300016c                __iwram_overlay_start = .

.iwram0         0x0300016c        0x0 load address 0x08003400
 *(.iwram0)
                0x0300016c                . = ALIGN (0x4)
                0x08003400                PROVIDE (__load_start_iwram0, LOADADDR (.iwram0))
                0x08003400                PROVIDE (__load_stop_iwram0, (LOADADDR (.iwram0) + SIZEOF (.iwram0)))

.iwram1         0x0300016c        0x0
 *(.iwram1)
                0x0300016c                . = ALIGN (0x4)
                [!provide]                PROVIDE (__load_start_iwram1, LOADADDR (.iwram1))
                [!provide]                PROVIDE (__load_stop_iwram1, (LOADADDR (.iwram1) + SIZEOF (.iwram1)))

.iwram2         0x0300016c        0x0
 *(.iwram2)
                0x0300016c                . = ALIGN (0x4)
                [!provide]                PROVIDE (__load_start_iwram2, LOADADDR (.iwram2))
                [!provide]                PROVIDE (__load_stop_iwram2, (LOADADDR (.iwram2) + SIZEOF (.iwram2)))

.iwram3         0x0300016c        0x0
 *(.iwram3)
                0x0300016c                . = ALIGN (0x4)
                [!provide]                PROVIDE (__load_start_iwram3, LOADADDR (.iwram3))
                [!provide]                PROVIDE (__load_stop_iwram3, (LOADADDR (.iwram3) + SIZEOF (.iwram3)))

.iwram4         0x0300016c        0x0
 *(.iwram4)
                0x0300016c                . = ALIGN (0x4)
                [!provide]                PROVIDE (__load_start_iwram4, LOADADDR (.iwram4))
                [!provide]                PROVIDE (__load_stop_iwram4, (LOADADDR (.iwram4) + SIZEOF (.iwram4)))

.iwram5         0x0300016c        0x0
 *(.iwram5)
                0x0300016c                . = ALIGN (0x4)
                [!provide]                PROVIDE (__load_start_iwram5, LOADADDR (.iwram5))
                [!provide]                PROVIDE (__load_stop_iwram5, (LOADADDR (.iwram5) + SIZEOF (.iwram5)))

.iwram6         0x0300016c        0x0
 *(.iwram6)
                0x0300016c                . = ALIGN (0x4)
                [!provide]                PROVIDE (__load_start_iwram6, LOADADDR (.iwram6))
                [!provide]                PROVIDE (__load_stop_iwram6, (LOADADDR (.iwram6) + SIZEOF (.iwram6)))

.iwram7         0x0300016c        0x0
 *(.iwram7)
                0x0300016c                . = ALIGN (0x4)
                [!provide]                PROVIDE (__load_start_iwram7, LOADADDR (.iwram7))
                [!provide]                PROVIDE (__load_stop_iwram7, (LOADADDR (.iwram7) + SIZEOF (.iwram7)))

.iwram8         0x0300016c        0x0
 *(.iwram8)
                0x0300016c                . = ALIGN (0x4)
                [!provide]                PROVIDE (__load_start_iwram8, LOADADDR (.iwram8))
                [!provide]                PROVIDE (__load_stop_iwram8, (LOADADDR (.iwram8) + SIZEOF (.iwram8)))

.iwram9         0x0300016c        0x0
 *(.iwram9)
                0x0300016c                . = ALIGN (0x4)
                [!provide]                PROVIDE (__load_start_iwram9, LOADADDR (.iwram9))
                [!provide]                PROVIDE (__load_stop_iwram9, (LOADADDR (.iwram9) + SIZEOF (.iwram9)))
                0x0300016c                __iwram_overlay_end = .
                0x08003400                __ewram_lma = (__iwram_overlay_lma + (__iwram_overlay_end - __iwram_overlay_start))
                0x0300016c                __iheap_start = .
                0x02000000                __ewram_start = ORIGIN (ewram)

.ewram          0x02000000        0x0 load address 0x08003400
 *(.ewram)
                0x02000000                . = ALIGN (0x4)
                0x02000000                __ewram_end = ABSOLUTE (.)
                0x08003400                __pad_lma = (__ewram_lma + SIZEOF (.ewram))

.sbss           0x02000000        0x0
                0x02000000                __sbss_start__ = ABSOLUTE (.)
 *(.sbss)
                0x02000000                . = ALIGN (0x4)
                0x02000000                __sbss_end__ = ABSOLUTE (.)
                0x02000000                __end__ = ABSOLUTE (.)
                0x02000000                __eheap_start = ABSOLUTE (.)

.pad            0x02000000        0x8 load address 0x08003400
                0x02000000        0x4 LONG 0x52416b64
                0x02000004        0x4 LONG 0x4d
                0x02000008                . = ALIGN (0x4)
                0x08003408                __rom_end__ = (__pad_lma + SIZEOF (.pad))

.stab
 *(.stab)

.stabstr
 *(.stabstr)

.stab.excl
 *(.stab.excl)

.stab.exclstr
 *(.stab.exclstr)

.stab.index
 *(.stab.index)

.stab.indexstr
 *(.stab.indexstr)

.comment        0x00000000       0x22
 *(.comment)
 .comment       0x00000000       0x22 c:/users/rdmit/devkitpro/devkitarm/bin/../lib/gcc/arm-none-eabi/6.3.0/thumb/crtbegin.o
                                 0x23 (size before relaxing)
 .comment       0x00000022       0x23 basicsource.o
 .comment       0x00000022       0x23 chardata.o
 .comment       0x00000022       0x23 c:/Users/rdmit/devkitPro/libgba/lib\libgba.a(input.o)
 .comment       0x00000022       0x23 c:/Users/rdmit/devkitPro/libgba/lib\libgba.a(interrupt.o)
 .comment       0x00000022       0x23 c:/users/rdmit/devkitpro/devkitarm/bin/../lib/gcc/arm-none-eabi/6.3.0/../../../../arm-none-eabi/lib/thumb\libg.a(lib_a-init.o)
 .comment       0x00000022       0x23 c:/users/rdmit/devkitpro/devkitarm/bin/../lib/gcc/arm-none-eabi/6.3.0/../../../../arm-none-eabi/lib/thumb\libsysbase.a(malloc_vars.o)
 .comment       0x00000022       0x23 c:/users/rdmit/devkitpro/devkitarm/bin/../lib/gcc/arm-none-eabi/6.3.0/thumb/crtend.o

.debug
 *(.debug)

.line
 *(.line)

.debug_srcinfo
 *(.debug_srcinfo)

.debug_sfnames
 *(.debug_sfnames)

.debug_aranges  0x00000000       0x98
 *(.debug_aranges)
 .debug_aranges
                0x00000000       0x20 basicsource.o
 .debug_aranges
                0x00000020       0x18 chardata.o
 .debug_aranges
                0x00000038       0x20 c:/Users/rdmit/devkitPro/libgba/lib\libgba.a(input.o)
 .debug_aranges
                0x00000058       0x20 c:/Users/rdmit/devkitPro/libgba/lib\libgba.a(interrupt.o)
 .debug_aranges
                0x00000078       0x20 c:/Users/rdmit/devkitPro/libgba/lib\libgba.a(InterruptDispatcher.o)

.debug_pubnames
 *(.debug_pubnames)

.debug_info     0x00000000      0xa20
 *(.debug_info)
 .debug_info    0x00000000      0x352 basicsource.o
 .debug_info    0x00000352       0x54 chardata.o
 .debug_info    0x000003a6      0x234 c:/Users/rdmit/devkitPro/libgba/lib\libgba.a(input.o)
 .debug_info    0x000005da      0x3a6 c:/Users/rdmit/devkitPro/libgba/lib\libgba.a(interrupt.o)
 .debug_info    0x00000980       0xa0 c:/Users/rdmit/devkitPro/libgba/lib\libgba.a(InterruptDispatcher.o)

.debug_abbrev   0x00000000      0x4cb
 *(.debug_abbrev)
 .debug_abbrev  0x00000000      0x18d basicsource.o
 .debug_abbrev  0x0000018d       0x43 chardata.o
 .debug_abbrev  0x000001d0      0x118 c:/Users/rdmit/devkitPro/libgba/lib\libgba.a(input.o)
 .debug_abbrev  0x000002e8      0x1cf c:/Users/rdmit/devkitPro/libgba/lib\libgba.a(interrupt.o)
 .debug_abbrev  0x000004b7       0x14 c:/Users/rdmit/devkitPro/libgba/lib\libgba.a(InterruptDispatcher.o)

.debug_line     0x00000000      0x7bc
 *(.debug_line)
 .debug_line    0x00000000      0x352 basicsource.o
 .debug_line    0x00000352       0x52 chardata.o
 .debug_line    0x000003a4      0x187 c:/Users/rdmit/devkitPro/libgba/lib\libgba.a(input.o)
 .debug_line    0x0000052b      0x1ec c:/Users/rdmit/devkitPro/libgba/lib\libgba.a(interrupt.o)
 .debug_line    0x00000717       0xa5 c:/Users/rdmit/devkitPro/libgba/lib\libgba.a(InterruptDispatcher.o)

.debug_frame    0x00000000      0x16c
 *(.debug_frame)
 .debug_frame   0x00000000       0x3c basicsource.o
 .debug_frame   0x0000003c       0x80 c:/Users/rdmit/devkitPro/libgba/lib\libgba.a(input.o)
 .debug_frame   0x000000bc       0xb0 c:/Users/rdmit/devkitPro/libgba/lib\libgba.a(interrupt.o)

.debug_str      0x00000000      0x50a
 *(.debug_str)
 .debug_str     0x00000000      0x2f6 basicsource.o
                                0x333 (size before relaxing)
 .debug_str     0x000002f6       0x32 chardata.o
                                 0xc0 (size before relaxing)
 .debug_str     0x00000328       0xf0 c:/Users/rdmit/devkitPro/libgba/lib\libgba.a(input.o)
                                0x1b1 (size before relaxing)
 .debug_str     0x00000418       0xf2 c:/Users/rdmit/devkitPro/libgba/lib\libgba.a(interrupt.o)
                                0x2af (size before relaxing)

.debug_loc      0x00000000      0x429
 *(.debug_loc)
 .debug_loc     0x00000000       0x5c basicsource.o
 .debug_loc     0x0000005c       0x27 c:/Users/rdmit/devkitPro/libgba/lib\libgba.a(input.o)
 .debug_loc     0x00000083      0x3a6 c:/Users/rdmit/devkitPro/libgba/lib\libgba.a(interrupt.o)

.debug_macinfo
 *(.debug_macinfo)

.debug_weaknames
 *(.debug_weaknames)

.debug_funcnames
 *(.debug_funcnames)

.debug_typenames
 *(.debug_typenames)

.debug_varnames
 *(.debug_varnames)

.stack          0x00080000        0x0
                0x00080000                _stack = .
 *(.stack)

.note.gnu.arm.ident
 *(.note.gnu.arm.ident)

.ARM.attributes
                0x00000000       0x2c
 *(.ARM.attributes)
 .ARM.attributes
                0x00000000       0x20 c:/users/rdmit/devkitpro/devkitarm/bin/../lib/gcc/arm-none-eabi/6.3.0/../../../../arm-none-eabi/lib/thumb/gba_crt0.o
 .ARM.attributes
                0x00000020       0x16 c:/users/rdmit/devkitpro/devkitarm/bin/../lib/gcc/arm-none-eabi/6.3.0/thumb/crti.o
 .ARM.attributes
                0x00000036       0x30 c:/users/rdmit/devkitpro/devkitarm/bin/../lib/gcc/arm-none-eabi/6.3.0/thumb/crtbegin.o
 .ARM.attributes
                0x00000066       0x2c basicsource.o
 .ARM.attributes
                0x00000092       0x2c chardata.o
 .ARM.attributes
                0x000000be       0x30 c:/Users/rdmit/devkitPro/libgba/lib\libgba.a(input.o)
 .ARM.attributes
                0x000000ee       0x30 c:/Users/rdmit/devkitPro/libgba/lib\libgba.a(interrupt.o)
 .ARM.attributes
                0x0000011e       0x16 c:/Users/rdmit/devkitPro/libgba/lib\libgba.a(InterruptDispatcher.o)
 .ARM.attributes
                0x00000134       0x30 c:/users/rdmit/devkitpro/devkitarm/bin/../lib/gcc/arm-none-eabi/6.3.0/../../../../arm-none-eabi/lib/thumb\libg.a(lib_a-init.o)
 .ARM.attributes
                0x00000164       0x30 c:/users/rdmit/devkitpro/devkitarm/bin/../lib/gcc/arm-none-eabi/6.3.0/../../../../arm-none-eabi/lib/thumb\libsysbase.a(malloc_vars.o)
 .ARM.attributes
                0x00000194       0x30 c:/users/rdmit/devkitpro/devkitarm/bin/../lib/gcc/arm-none-eabi/6.3.0/thumb/crtend.o
 .ARM.attributes
                0x000001c4       0x16 c:/users/rdmit/devkitpro/devkitarm/bin/../lib/gcc/arm-none-eabi/6.3.0/thumb/crtn.o

/DISCARD/
 *(.note.GNU-stack)
LOAD c:/users/rdmit/devkitpro/devkitarm/bin/../lib/gcc/arm-none-eabi/6.3.0/../../../../arm-none-eabi/lib/thumb/gba_crt0.o
LOAD c:/users/rdmit/devkitpro/devkitarm/bin/../lib/gcc/arm-none-eabi/6.3.0/thumb/crti.o
LOAD c:/users/rdmit/devkitpro/devkitarm/bin/../lib/gcc/arm-none-eabi/6.3.0/thumb/crtbegin.o
LOAD basicsource.o
LOAD chardata.o
LOAD c:/Users/rdmit/devkitPro/libgba/lib\libgba.a
START GROUP
LOAD c:/users/rdmit/devkitpro/devkitarm/bin/../lib/gcc/arm-none-eabi/6.3.0/thumb\libgcc.a
LOAD c:/users/rdmit/devkitpro/devkitarm/bin/../lib/gcc/arm-none-eabi/6.3.0/../../../../arm-none-eabi/lib/thumb\libg.a
LOAD c:/users/rdmit/devkitpro/devkitarm/bin/../lib/gcc/arm-none-eabi/6.3.0/../../../../arm-none-eabi/lib/thumb\libc.a
LOAD c:/users/rdmit/devkitpro/devkitarm/bin/../lib/gcc/arm-none-eabi/6.3.0/../../../../arm-none-eabi/lib/thumb\libsysbase.a
END GROUP
LOAD c:/users/rdmit/devkitpro/devkitarm/bin/../lib/gcc/arm-none-eabi/6.3.0/thumb/crtend.o
LOAD c:/users/rdmit/devkitpro/devkitarm/bin/../lib/gcc/arm-none-eabi/6.3.0/thumb/crtn.o
OUTPUT(d:/data/documents/2nd/GBA/Input/Input.elf elf32-littlearm)

.debug_ranges   0x00000000       0x58
 .debug_ranges  0x00000000       0x10 basicsource.o
 .debug_ranges  0x00000010       0x48 c:/Users/rdmit/devkitPro/libgba/lib\libgba.a(interrupt.o)
